Archive member included because of file (symbol)

/Software/altera/12.1/nios2eds/bin/gnu/H-i686-pc-linux-gnu/bin/../lib/gcc/nios2-elf/4.1.2/../../../../nios2-elf/lib/mno-hw-mul/libsmallc.a(lib_a-printf.o)
                              obj/default/hello_world_small.o (printf)
/Software/altera/12.1/nios2eds/bin/gnu/H-i686-pc-linux-gnu/bin/../lib/gcc/nios2-elf/4.1.2/../../../../nios2-elf/lib/mno-hw-mul/libsmallc.a(lib_a-puts.o)
                              obj/default/hello_world_small.o (puts)
/Software/altera/12.1/nios2eds/bin/gnu/H-i686-pc-linux-gnu/bin/../lib/gcc/nios2-elf/4.1.2/../../../../nios2-elf/lib/mno-hw-mul/libsmallc.a(lib_a-strlen.o)
                              /Software/altera/12.1/nios2eds/bin/gnu/H-i686-pc-linux-gnu/bin/../lib/gcc/nios2-elf/4.1.2/../../../../nios2-elf/lib/mno-hw-mul/libsmallc.a(lib_a-puts.o) (strlen)
/Software/altera/12.1/nios2eds/bin/gnu/H-i686-pc-linux-gnu/bin/../lib/gcc/nios2-elf/4.1.2/../../../../nios2-elf/lib/mno-hw-mul/libsmallc.a(lib_a-vfprintf.o)
                              /Software/altera/12.1/nios2eds/bin/gnu/H-i686-pc-linux-gnu/bin/../lib/gcc/nios2-elf/4.1.2/../../../../nios2-elf/lib/mno-hw-mul/libsmallc.a(lib_a-printf.o) (___vfprintf_internal_r)
/Software/altera/12.1/nios2eds/bin/gnu/H-i686-pc-linux-gnu/bin/../lib/gcc/nios2-elf/4.1.2/../../../../nios2-elf/lib/mno-hw-mul/libsmallc.a(lib_a-fvwrite_small_dev.o)
                              /Software/altera/12.1/nios2eds/bin/gnu/H-i686-pc-linux-gnu/bin/../lib/gcc/nios2-elf/4.1.2/../../../../nios2-elf/lib/mno-hw-mul/libsmallc.a(lib_a-printf.o) (__sfvwrite_small_dev)
/Software/altera/12.1/nios2eds/bin/gnu/H-i686-pc-linux-gnu/bin/../lib/gcc/nios2-elf/4.1.2/../../../../nios2-elf/lib/mno-hw-mul/libsmallc.a(lib_a-impure.o)
                              /Software/altera/12.1/nios2eds/bin/gnu/H-i686-pc-linux-gnu/bin/../lib/gcc/nios2-elf/4.1.2/../../../../nios2-elf/lib/mno-hw-mul/libsmallc.a(lib_a-printf.o) (_impure_ptr)
/Software/altera/12.1/nios2eds/bin/gnu/H-i686-pc-linux-gnu/bin/../lib/gcc/nios2-elf/4.1.2/../../../../nios2-elf/lib/mno-hw-mul/libsmallc.a(lib_a-writer.o)
                              /Software/altera/12.1/nios2eds/bin/gnu/H-i686-pc-linux-gnu/bin/../lib/gcc/nios2-elf/4.1.2/../../../../nios2-elf/lib/mno-hw-mul/libsmallc.a(lib_a-fvwrite_small_dev.o) (_write_r)
/Software/altera/12.1/nios2eds/bin/gnu/H-i686-pc-linux-gnu/bin/../lib/gcc/nios2-elf/4.1.2/../../../../nios2-elf/lib/mno-hw-mul/libsmallc.a(lib_a-int_errno.o)
                              /Software/altera/12.1/nios2eds/bin/gnu/H-i686-pc-linux-gnu/bin/../lib/gcc/nios2-elf/4.1.2/../../../../nios2-elf/lib/mno-hw-mul/libsmallc.a(lib_a-writer.o) (errno)
/Software/altera/12.1/nios2eds/bin/gnu/H-i686-pc-linux-gnu/bin/../lib/gcc/nios2-elf/4.1.2/mno-hw-mul/libgcc.a(lib2-divmod.o)
                              /Software/altera/12.1/nios2eds/bin/gnu/H-i686-pc-linux-gnu/bin/../lib/gcc/nios2-elf/4.1.2/../../../../nios2-elf/lib/mno-hw-mul/libsmallc.a(lib_a-vfprintf.o) (__udivsi3)
/Software/altera/12.1/nios2eds/bin/gnu/H-i686-pc-linux-gnu/bin/../lib/gcc/nios2-elf/4.1.2/mno-hw-mul/libgcc.a(lib2-mul.o)
                              /Software/altera/12.1/nios2eds/bin/gnu/H-i686-pc-linux-gnu/bin/../lib/gcc/nios2-elf/4.1.2/../../../../nios2-elf/lib/mno-hw-mul/libsmallc.a(lib_a-vfprintf.o) (__mulsi3)
../NIOS_3_bsp//libhal_bsp.a(alt_load.o)
                              ../NIOS_3_bsp//obj/HAL/src/crt0.o (alt_load)
../NIOS_3_bsp//libhal_bsp.a(alt_main.o)
                              ../NIOS_3_bsp//obj/HAL/src/crt0.o (alt_main)
../NIOS_3_bsp//libhal_bsp.a(alt_write.o)
                              /Software/altera/12.1/nios2eds/bin/gnu/H-i686-pc-linux-gnu/bin/../lib/gcc/nios2-elf/4.1.2/../../../../nios2-elf/lib/mno-hw-mul/libsmallc.a(lib_a-writer.o) (write)
../NIOS_3_bsp//libhal_bsp.a(alt_sys_init.o)
                              ../NIOS_3_bsp//libhal_bsp.a(alt_main.o) (alt_sys_init)
../NIOS_3_bsp//libhal_bsp.a(altera_avalon_jtag_uart_write.o)
                              ../NIOS_3_bsp//libhal_bsp.a(alt_write.o) (altera_avalon_jtag_uart_write)
../NIOS_3_bsp//libhal_bsp.a(alt_dcache_flush_all.o)
                              ../NIOS_3_bsp//libhal_bsp.a(alt_load.o) (alt_dcache_flush_all)
../NIOS_3_bsp//libhal_bsp.a(alt_errno.o)
                              ../NIOS_3_bsp//libhal_bsp.a(alt_write.o) (alt_errno)
../NIOS_3_bsp//libhal_bsp.a(alt_icache_flush_all.o)
                              ../NIOS_3_bsp//libhal_bsp.a(alt_load.o) (alt_icache_flush_all)
../NIOS_3_bsp//libhal_bsp.a(altera_nios2_qsys_irq.o)
                              ../NIOS_3_bsp//libhal_bsp.a(alt_sys_init.o) (altera_nios2_qsys_irq_init)

Allocating common symbols
Common symbol       size              file

errno               0x4               /Software/altera/12.1/nios2eds/bin/gnu/H-i686-pc-linux-gnu/bin/../lib/gcc/nios2-elf/4.1.2/../../../../nios2-elf/lib/mno-hw-mul/libsmallc.a(lib_a-int_errno.o)

Memory Configuration

Name             Origin             Length             Attributes
reset            0x08000000         0x00000020
sdram_0          0x08000020         0x01dfffe0
*default*        0x00000000         0xffffffff

Linker script and memory map

LOAD ../NIOS_3_bsp//obj/HAL/src/crt0.o
                0x0800000c                exit = _exit
LOAD obj/default/hello_world_small.o
LOAD /Software/altera/12.1/nios2eds/bin/gnu/H-i686-pc-linux-gnu/bin/../lib/gcc/nios2-elf/4.1.2/../../../../nios2-elf/lib/mno-hw-mul/libstdc++.a
LOAD /Software/altera/12.1/nios2eds/bin/gnu/H-i686-pc-linux-gnu/bin/../lib/gcc/nios2-elf/4.1.2/../../../../nios2-elf/lib/mno-hw-mul/libm.a
LOAD /Software/altera/12.1/nios2eds/bin/gnu/H-i686-pc-linux-gnu/bin/../lib/gcc/nios2-elf/4.1.2/mno-hw-mul/libgcc.a
START GROUP
LOAD /Software/altera/12.1/nios2eds/bin/gnu/H-i686-pc-linux-gnu/bin/../lib/gcc/nios2-elf/4.1.2/../../../../nios2-elf/lib/mno-hw-mul/libsmallc.a
LOAD /Software/altera/12.1/nios2eds/bin/gnu/H-i686-pc-linux-gnu/bin/../lib/gcc/nios2-elf/4.1.2/mno-hw-mul/libgcc.a
LOAD ../NIOS_3_bsp//libhal_bsp.a
END GROUP
LOAD /Software/altera/12.1/nios2eds/bin/gnu/H-i686-pc-linux-gnu/bin/../lib/gcc/nios2-elf/4.1.2/mno-hw-mul/libgcc.a
                0x08000000                __alt_mem_sdram_0 = 0x8000000

.entry          0x08000000       0x20
 *(.entry)
 .entry         0x08000000       0x20 ../NIOS_3_bsp//obj/HAL/src/crt0.o
                0x08000000                __reset
                0x0800000c                _exit

.exceptions     0x08000020        0x0
                0x08000020                PROVIDE (__ram_exceptions_start, ABSOLUTE (.))
                0x08000020                . = ALIGN (0x20)
 *(.irq)
 *(.exceptions.entry.label)
 *(.exceptions.entry.user)
 *(.exceptions.entry)
 *(.exceptions.irqtest.user)
 *(.exceptions.irqtest)
 *(.exceptions.irqhandler.user)
 *(.exceptions.irqhandler)
 *(.exceptions.irqreturn.user)
 *(.exceptions.irqreturn)
 *(.exceptions.notirq.label)
 *(.exceptions.notirq.user)
 *(.exceptions.notirq)
 *(.exceptions.soft.user)
 *(.exceptions.soft)
 *(.exceptions.unknown.user)
 *(.exceptions.unknown)
 *(.exceptions.exit.label)
 *(.exceptions.exit.user)
 *(.exceptions.exit)
 *(.exceptions)
                0x08000020                PROVIDE (__ram_exceptions_end, ABSOLUTE (.))
                0x08000020                PROVIDE (__flash_exceptions_start, LOADADDR (.exceptions))

.text           0x08000020      0xdd4
                0x08000020                PROVIDE (stext, ABSOLUTE (.))
 *(.interp)
 *(.hash)
 *(.dynsym)
 *(.dynstr)
 *(.gnu.version)
 *(.gnu.version_d)
 *(.gnu.version_r)
 *(.rel.init)
 *(.rela.init)
 *(.rel.text .rel.text.* .rel.gnu.linkonce.t.*)
 *(.rela.text .rela.text.* .rela.gnu.linkonce.t.*)
 *(.rel.fini)
 *(.rela.fini)
 *(.rel.rodata .rel.rodata.* .rel.gnu.linkonce.r.*)
 *(.rela.rodata .rela.rodata.* .rela.gnu.linkonce.r.*)
 *(.rel.data .rel.data.* .rel.gnu.linkonce.d.*)
 *(.rela.data .rela.data.* .rela.gnu.linkonce.d.*)
 *(.rel.tdata .rel.tdata.* .rel.gnu.linkonce.td.*)
 *(.rela.tdata .rela.tdata.* .rela.gnu.linkonce.td.*)
 *(.rel.tbss .rel.tbss.* .rel.gnu.linkonce.tb.*)
 *(.rela.tbss .rela.tbss.* .rela.gnu.linkonce.tb.*)
 *(.rel.ctors)
 *(.rela.ctors)
 *(.rel.dtors)
 *(.rela.dtors)
 *(.rel.got)
 *(.rela.got)
 *(.rel.sdata .rel.sdata.* .rel.gnu.linkonce.s.*)
 *(.rela.sdata .rela.sdata.* .rela.gnu.linkonce.s.*)
 *(.rel.sbss .rel.sbss.* .rel.gnu.linkonce.sb.*)
 *(.rela.sbss .rela.sbss.* .rela.gnu.linkonce.sb.*)
 *(.rel.sdata2 .rel.sdata2.* .rel.gnu.linkonce.s2.*)
 *(.rela.sdata2 .rela.sdata2.* .rela.gnu.linkonce.s2.*)
 *(.rel.sbss2 .rel.sbss2.* .rel.gnu.linkonce.sb2.*)
 *(.rela.sbss2 .rela.sbss2.* .rela.gnu.linkonce.sb2.*)
 *(.rel.bss .rel.bss.* .rel.gnu.linkonce.b.*)
 *(.rela.bss .rela.bss.* .rela.gnu.linkonce.b.*)
 *(.rel.plt)
 *(.rela.plt)
 *(.rel.dyn)
 *(.init)
 *(.plt)
 *(.text .stub .text.* .gnu.linkonce.t.*)
 .text          0x08000020       0x3c ../NIOS_3_bsp//obj/HAL/src/crt0.o
                0x08000020                _start
 .text          0x0800005c       0xa0 obj/default/hello_world_small.o
                0x0800005c                main
 .text          0x080000fc       0x98 /Software/altera/12.1/nios2eds/bin/gnu/H-i686-pc-linux-gnu/bin/../lib/gcc/nios2-elf/4.1.2/../../../../nios2-elf/lib/mno-hw-mul/libsmallc.a(lib_a-printf.o)
                0x080000fc                printf
                0x08000150                _printf_r
 .text          0x08000194       0xa4 /Software/altera/12.1/nios2eds/bin/gnu/H-i686-pc-linux-gnu/bin/../lib/gcc/nios2-elf/4.1.2/../../../../nios2-elf/lib/mno-hw-mul/libsmallc.a(lib_a-puts.o)
                0x08000194                _puts_r
                0x08000224                puts
 .text          0x08000238       0x20 /Software/altera/12.1/nios2eds/bin/gnu/H-i686-pc-linux-gnu/bin/../lib/gcc/nios2-elf/4.1.2/../../../../nios2-elf/lib/mno-hw-mul/libsmallc.a(lib_a-strlen.o)
                0x08000238                strlen
 .text          0x08000258      0x740 /Software/altera/12.1/nios2eds/bin/gnu/H-i686-pc-linux-gnu/bin/../lib/gcc/nios2-elf/4.1.2/../../../../nios2-elf/lib/mno-hw-mul/libsmallc.a(lib_a-vfprintf.o)
                0x080002d8                ___vfprintf_internal_r
                0x08000974                __vfprintf_internal
 .text          0x08000998       0xbc /Software/altera/12.1/nios2eds/bin/gnu/H-i686-pc-linux-gnu/bin/../lib/gcc/nios2-elf/4.1.2/../../../../nios2-elf/lib/mno-hw-mul/libsmallc.a(lib_a-fvwrite_small_dev.o)
                0x08000998                __sfvwrite_small_dev
 .text          0x08000a54        0x0 /Software/altera/12.1/nios2eds/bin/gnu/H-i686-pc-linux-gnu/bin/../lib/gcc/nios2-elf/4.1.2/../../../../nios2-elf/lib/mno-hw-mul/libsmallc.a(lib_a-impure.o)
 .text          0x08000a54       0x78 /Software/altera/12.1/nios2eds/bin/gnu/H-i686-pc-linux-gnu/bin/../lib/gcc/nios2-elf/4.1.2/../../../../nios2-elf/lib/mno-hw-mul/libsmallc.a(lib_a-writer.o)
                0x08000a54                _write_r
 .text          0x08000acc        0x0 /Software/altera/12.1/nios2eds/bin/gnu/H-i686-pc-linux-gnu/bin/../lib/gcc/nios2-elf/4.1.2/../../../../nios2-elf/lib/mno-hw-mul/libsmallc.a(lib_a-int_errno.o)
 .text          0x08000acc      0x14c /Software/altera/12.1/nios2eds/bin/gnu/H-i686-pc-linux-gnu/bin/../lib/gcc/nios2-elf/4.1.2/mno-hw-mul/libgcc.a(lib2-divmod.o)
                0x08000b48                __divsi3
                0x08000ba8                __modsi3
                0x08000c08                __udivsi3
                0x08000c10                __umodsi3
 .text          0x08000c18       0x38 /Software/altera/12.1/nios2eds/bin/gnu/H-i686-pc-linux-gnu/bin/../lib/gcc/nios2-elf/4.1.2/mno-hw-mul/libgcc.a(lib2-mul.o)
                0x08000c18                __mulsi3
 .text          0x08000c50       0x8c ../NIOS_3_bsp//libhal_bsp.a(alt_load.o)
                0x08000c70                alt_load
 .text          0x08000cdc       0x2c ../NIOS_3_bsp//libhal_bsp.a(alt_main.o)
                0x08000cdc                alt_main
 .text          0x08000d08       0x78 ../NIOS_3_bsp//libhal_bsp.a(alt_write.o)
                0x08000d08                write
 .text          0x08000d80       0x30 ../NIOS_3_bsp//libhal_bsp.a(alt_sys_init.o)
                0x08000d80                alt_sys_init
                0x08000d90                alt_irq_init
 .text          0x08000db0       0x34 ../NIOS_3_bsp//libhal_bsp.a(altera_avalon_jtag_uart_write.o)
                0x08000db0                altera_avalon_jtag_uart_write
 .text          0x08000de4        0x4 ../NIOS_3_bsp//libhal_bsp.a(alt_dcache_flush_all.o)
                0x08000de4                alt_dcache_flush_all
 .text          0x08000de8        0x0 ../NIOS_3_bsp//libhal_bsp.a(alt_errno.o)
 .text          0x08000de8        0x4 ../NIOS_3_bsp//libhal_bsp.a(alt_icache_flush_all.o)
                0x08000de8                alt_icache_flush_all
 .text          0x08000dec        0x8 ../NIOS_3_bsp//libhal_bsp.a(altera_nios2_qsys_irq.o)
                0x08000dec                altera_nios2_qsys_irq_init
 *(.gnu.warning.*)
 *(.fini)
                0x08000df4                PROVIDE (__etext, ABSOLUTE (.))
                0x08000df4                PROVIDE (_etext, ABSOLUTE (.))
                0x08000df4                PROVIDE (etext, ABSOLUTE (.))
 *(.eh_frame_hdr)
                0x08000df4                . = ALIGN (0x4)
                0x08000df4                PROVIDE (__preinit_array_start, ABSOLUTE (.))
 *(.preinit_array)
                0x08000df4                PROVIDE (__preinit_array_end, ABSOLUTE (.))
                0x08000df4                PROVIDE (__init_array_start, ABSOLUTE (.))
 *(.init_array)
                0x08000df4                PROVIDE (__init_array_end, ABSOLUTE (.))
                0x08000df4                PROVIDE (__fini_array_start, ABSOLUTE (.))
 *(.fini_array)
                0x08000df4                PROVIDE (__fini_array_end, ABSOLUTE (.))
 *(.eh_frame)
 *(.gcc_except_table)
 *(.dynamic)
                0x08000df4                PROVIDE (__CTOR_LIST__, ABSOLUTE (.))
 *(.ctors)
 *(SORT(.ctors.*))
                0x08000df4                PROVIDE (__CTOR_END__, ABSOLUTE (.))
                0x08000df4                PROVIDE (__DTOR_LIST__, ABSOLUTE (.))
 *(.dtors)
 *(SORT(.dtors.*))
                0x08000df4                PROVIDE (__DTOR_END__, ABSOLUTE (.))
 *(.jcr)
                0x08000df4                . = ALIGN (0x4)

.rodata         0x08000df4       0xf4
                0x08000df4                PROVIDE (__ram_rodata_start, ABSOLUTE (.))
                0x08000df4                . = ALIGN (0x4)
 *(.rodata .rodata.* .gnu.linkonce.r.*)
 .rodata.str1.4
                0x08000df4       0xf1 obj/default/hello_world_small.o
                                 0xf4 (size before relaxing)
 .rodata.str1.4
                0x00000000       0xf4 /Software/altera/12.1/nios2eds/bin/gnu/H-i686-pc-linux-gnu/bin/../lib/gcc/nios2-elf/4.1.2/../../../../nios2-elf/lib/mno-hw-mul/libsmallc.a(lib_a-puts.o)
                                  0x4 (size before relaxing)
 *(.rodata1)
                0x08000ee8                . = ALIGN (0x4)
 *fill*         0x08000ee5        0x3 00
                0x08000ee8                PROVIDE (__ram_rodata_end, ABSOLUTE (.))
                0x08000df4                PROVIDE (__flash_rodata_start, LOADADDR (.rodata))

.rwdata         0x08000ee8       0xf0 load address 0x08000fd8
                0x08000ee8                PROVIDE (__ram_rwdata_start, ABSOLUTE (.))
                0x08000ee8                . = ALIGN (0x4)
 *(.got.plt)
 *(.got)
 *(.data1)
 *(.data .data.* .gnu.linkonce.d.*)
 .data          0x08000ee8        0x0 ../NIOS_3_bsp//obj/HAL/src/crt0.o
 .data          0x08000ee8        0x0 obj/default/hello_world_small.o
 .data          0x08000ee8        0x0 /Software/altera/12.1/nios2eds/bin/gnu/H-i686-pc-linux-gnu/bin/../lib/gcc/nios2-elf/4.1.2/../../../../nios2-elf/lib/mno-hw-mul/libsmallc.a(lib_a-printf.o)
 .data          0x08000ee8        0x0 /Software/altera/12.1/nios2eds/bin/gnu/H-i686-pc-linux-gnu/bin/../lib/gcc/nios2-elf/4.1.2/../../../../nios2-elf/lib/mno-hw-mul/libsmallc.a(lib_a-puts.o)
 .data          0x08000ee8        0x0 /Software/altera/12.1/nios2eds/bin/gnu/H-i686-pc-linux-gnu/bin/../lib/gcc/nios2-elf/4.1.2/../../../../nios2-elf/lib/mno-hw-mul/libsmallc.a(lib_a-strlen.o)
 .data          0x08000ee8        0x0 /Software/altera/12.1/nios2eds/bin/gnu/H-i686-pc-linux-gnu/bin/../lib/gcc/nios2-elf/4.1.2/../../../../nios2-elf/lib/mno-hw-mul/libsmallc.a(lib_a-vfprintf.o)
 .data          0x08000ee8        0x0 /Software/altera/12.1/nios2eds/bin/gnu/H-i686-pc-linux-gnu/bin/../lib/gcc/nios2-elf/4.1.2/../../../../nios2-elf/lib/mno-hw-mul/libsmallc.a(lib_a-fvwrite_small_dev.o)
 .data          0x08000ee8       0xe0 /Software/altera/12.1/nios2eds/bin/gnu/H-i686-pc-linux-gnu/bin/../lib/gcc/nios2-elf/4.1.2/../../../../nios2-elf/lib/mno-hw-mul/libsmallc.a(lib_a-impure.o)
 .data          0x08000fc8        0x0 /Software/altera/12.1/nios2eds/bin/gnu/H-i686-pc-linux-gnu/bin/../lib/gcc/nios2-elf/4.1.2/../../../../nios2-elf/lib/mno-hw-mul/libsmallc.a(lib_a-writer.o)
 .data          0x08000fc8        0x0 /Software/altera/12.1/nios2eds/bin/gnu/H-i686-pc-linux-gnu/bin/../lib/gcc/nios2-elf/4.1.2/../../../../nios2-elf/lib/mno-hw-mul/libsmallc.a(lib_a-int_errno.o)
 .data          0x08000fc8        0x0 /Software/altera/12.1/nios2eds/bin/gnu/H-i686-pc-linux-gnu/bin/../lib/gcc/nios2-elf/4.1.2/mno-hw-mul/libgcc.a(lib2-divmod.o)
 .data          0x08000fc8        0x0 /Software/altera/12.1/nios2eds/bin/gnu/H-i686-pc-linux-gnu/bin/../lib/gcc/nios2-elf/4.1.2/mno-hw-mul/libgcc.a(lib2-mul.o)
 .data          0x08000fc8        0x0 ../NIOS_3_bsp//libhal_bsp.a(alt_load.o)
 .data          0x08000fc8        0x0 ../NIOS_3_bsp//libhal_bsp.a(alt_main.o)
 .data          0x08000fc8        0x0 ../NIOS_3_bsp//libhal_bsp.a(alt_write.o)
 .data          0x08000fc8        0x0 ../NIOS_3_bsp//libhal_bsp.a(alt_sys_init.o)
 .data          0x08000fc8        0x0 ../NIOS_3_bsp//libhal_bsp.a(altera_avalon_jtag_uart_write.o)
 .data          0x08000fc8        0x0 ../NIOS_3_bsp//libhal_bsp.a(alt_dcache_flush_all.o)
 .data          0x08000fc8        0x0 ../NIOS_3_bsp//libhal_bsp.a(alt_errno.o)
 .data          0x08000fc8        0x0 ../NIOS_3_bsp//libhal_bsp.a(alt_icache_flush_all.o)
 .data          0x08000fc8        0x0 ../NIOS_3_bsp//libhal_bsp.a(altera_nios2_qsys_irq.o)
                0x08008fc8                _gp = ABSOLUTE ((. + 0x8000))
                0x08008fc8                PROVIDE (gp, _gp)
 *(.rwdata .rwdata.*)
 *(.sdata .sdata.* .gnu.linkonce.s.*)
 .sdata         0x08000fc8        0x8 /Software/altera/12.1/nios2eds/bin/gnu/H-i686-pc-linux-gnu/bin/../lib/gcc/nios2-elf/4.1.2/../../../../nios2-elf/lib/mno-hw-mul/libsmallc.a(lib_a-impure.o)
                0x08000fc8                _impure_ptr
                0x08000fcc                _global_impure_ptr
 .sdata         0x08000fd0        0x4 ../NIOS_3_bsp//libhal_bsp.a(alt_sys_init.o)
                0x08000fd0                jtag_uart_3
 .sdata         0x08000fd4        0x4 ../NIOS_3_bsp//libhal_bsp.a(alt_errno.o)
                0x08000fd4                alt_errno
 *(.sdata2 .sdata2.* .gnu.linkonce.s2.*)
                0x08000fd8                . = ALIGN (0x4)
                0x08000fd8                _edata = ABSOLUTE (.)
                0x08000fd8                PROVIDE (edata, ABSOLUTE (.))
                0x08000fd8                PROVIDE (__ram_rwdata_end, ABSOLUTE (.))
                0x08000fd8                PROVIDE (__flash_rwdata_start, LOADADDR (.rwdata))

.bss            0x080010c8       0x10
                0x080010c8                __bss_start = ABSOLUTE (.)
                0x080010c8                PROVIDE (__sbss_start, ABSOLUTE (.))
                0x080010c8                PROVIDE (___sbss_start, ABSOLUTE (.))
 *(.dynsbss)
 *(.sbss .sbss.* .gnu.linkonce.sb.*)
 .sbss          0x080010c8        0x4 /Software/altera/12.1/nios2eds/bin/gnu/H-i686-pc-linux-gnu/bin/../lib/gcc/nios2-elf/4.1.2/../../../../nios2-elf/lib/mno-hw-mul/libsmallc.a(lib_a-int_errno.o)
                0x080010c8                errno
 .sbss          0x080010cc        0xc ../NIOS_3_bsp//libhal_bsp.a(alt_main.o)
                0x080010cc                alt_argc
                0x080010d0                alt_argv
                0x080010d4                alt_envp
 *(.sbss2 .sbss2.* .gnu.linkonce.sb2.*)
 *(.scommon)
                0x080010d8                PROVIDE (__sbss_end, ABSOLUTE (.))
                0x080010d8                PROVIDE (___sbss_end, ABSOLUTE (.))
 *(.dynbss)
 *(.bss .bss.* .gnu.linkonce.b.*)
 .bss           0x080010d8        0x0 ../NIOS_3_bsp//obj/HAL/src/crt0.o
 .bss           0x080010d8        0x0 obj/default/hello_world_small.o
 .bss           0x080010d8        0x0 /Software/altera/12.1/nios2eds/bin/gnu/H-i686-pc-linux-gnu/bin/../lib/gcc/nios2-elf/4.1.2/../../../../nios2-elf/lib/mno-hw-mul/libsmallc.a(lib_a-printf.o)
 .bss           0x080010d8        0x0 /Software/altera/12.1/nios2eds/bin/gnu/H-i686-pc-linux-gnu/bin/../lib/gcc/nios2-elf/4.1.2/../../../../nios2-elf/lib/mno-hw-mul/libsmallc.a(lib_a-puts.o)
 .bss           0x080010d8        0x0 /Software/altera/12.1/nios2eds/bin/gnu/H-i686-pc-linux-gnu/bin/../lib/gcc/nios2-elf/4.1.2/../../../../nios2-elf/lib/mno-hw-mul/libsmallc.a(lib_a-strlen.o)
 .bss           0x080010d8        0x0 /Software/altera/12.1/nios2eds/bin/gnu/H-i686-pc-linux-gnu/bin/../lib/gcc/nios2-elf/4.1.2/../../../../nios2-elf/lib/mno-hw-mul/libsmallc.a(lib_a-vfprintf.o)
 .bss           0x080010d8        0x0 /Software/altera/12.1/nios2eds/bin/gnu/H-i686-pc-linux-gnu/bin/../lib/gcc/nios2-elf/4.1.2/../../../../nios2-elf/lib/mno-hw-mul/libsmallc.a(lib_a-fvwrite_small_dev.o)
 .bss           0x080010d8        0x0 /Software/altera/12.1/nios2eds/bin/gnu/H-i686-pc-linux-gnu/bin/../lib/gcc/nios2-elf/4.1.2/../../../../nios2-elf/lib/mno-hw-mul/libsmallc.a(lib_a-impure.o)
 .bss           0x080010d8        0x0 /Software/altera/12.1/nios2eds/bin/gnu/H-i686-pc-linux-gnu/bin/../lib/gcc/nios2-elf/4.1.2/../../../../nios2-elf/lib/mno-hw-mul/libsmallc.a(lib_a-writer.o)
 .bss           0x080010d8        0x0 /Software/altera/12.1/nios2eds/bin/gnu/H-i686-pc-linux-gnu/bin/../lib/gcc/nios2-elf/4.1.2/../../../../nios2-elf/lib/mno-hw-mul/libsmallc.a(lib_a-int_errno.o)
 .bss           0x080010d8        0x0 /Software/altera/12.1/nios2eds/bin/gnu/H-i686-pc-linux-gnu/bin/../lib/gcc/nios2-elf/4.1.2/mno-hw-mul/libgcc.a(lib2-divmod.o)
 .bss           0x080010d8        0x0 /Software/altera/12.1/nios2eds/bin/gnu/H-i686-pc-linux-gnu/bin/../lib/gcc/nios2-elf/4.1.2/mno-hw-mul/libgcc.a(lib2-mul.o)
 .bss           0x080010d8        0x0 ../NIOS_3_bsp//libhal_bsp.a(alt_load.o)
 .bss           0x080010d8        0x0 ../NIOS_3_bsp//libhal_bsp.a(alt_main.o)
 .bss           0x080010d8        0x0 ../NIOS_3_bsp//libhal_bsp.a(alt_write.o)
 .bss           0x080010d8        0x0 ../NIOS_3_bsp//libhal_bsp.a(alt_sys_init.o)
 .bss           0x080010d8        0x0 ../NIOS_3_bsp//libhal_bsp.a(altera_avalon_jtag_uart_write.o)
 .bss           0x080010d8        0x0 ../NIOS_3_bsp//libhal_bsp.a(alt_dcache_flush_all.o)
 .bss           0x080010d8        0x0 ../NIOS_3_bsp//libhal_bsp.a(alt_errno.o)
 .bss           0x080010d8        0x0 ../NIOS_3_bsp//libhal_bsp.a(alt_icache_flush_all.o)
 .bss           0x080010d8        0x0 ../NIOS_3_bsp//libhal_bsp.a(altera_nios2_qsys_irq.o)
 *(COMMON)
                0x080010d8                . = ALIGN (0x4)
                0x080010d8                __bss_end = ABSOLUTE (.)

.sdram_0        0x080010d8        0x0
                0x080010d8                PROVIDE (_alt_partition_sdram_0_start, ABSOLUTE (.))
 *(.sdram_0. sdram_0.*)
                0x080010d8                . = ALIGN (0x4)
                0x080010d8                PROVIDE (_alt_partition_sdram_0_end, ABSOLUTE (.))
                0x080010d8                _end = ABSOLUTE (.)
                0x080010d8                end = ABSOLUTE (.)
                0x080010d8                __alt_stack_base = ABSOLUTE (.)
                0x080010d8                PROVIDE (_alt_partition_sdram_0_load_addr, LOADADDR (.sdram_0))

.stab
 *(.stab)

.stabstr
 *(.stabstr)

.stab.excl
 *(.stab.excl)

.stab.exclstr
 *(.stab.exclstr)

.stab.index
 *(.stab.index)

.stab.indexstr
 *(.stab.indexstr)

.comment        0x00000000       0x23
 *(.comment)
 .comment       0x00000000       0x23 obj/default/hello_world_small.o
                                 0x24 (size before relaxing)
 .comment       0x00000000       0x24 /Software/altera/12.1/nios2eds/bin/gnu/H-i686-pc-linux-gnu/bin/../lib/gcc/nios2-elf/4.1.2/../../../../nios2-elf/lib/mno-hw-mul/libsmallc.a(lib_a-printf.o)
 .comment       0x00000000       0x24 /Software/altera/12.1/nios2eds/bin/gnu/H-i686-pc-linux-gnu/bin/../lib/gcc/nios2-elf/4.1.2/../../../../nios2-elf/lib/mno-hw-mul/libsmallc.a(lib_a-puts.o)
 .comment       0x00000000       0x24 /Software/altera/12.1/nios2eds/bin/gnu/H-i686-pc-linux-gnu/bin/../lib/gcc/nios2-elf/4.1.2/../../../../nios2-elf/lib/mno-hw-mul/libsmallc.a(lib_a-strlen.o)
 .comment       0x00000000       0x24 /Software/altera/12.1/nios2eds/bin/gnu/H-i686-pc-linux-gnu/bin/../lib/gcc/nios2-elf/4.1.2/../../../../nios2-elf/lib/mno-hw-mul/libsmallc.a(lib_a-vfprintf.o)
 .comment       0x00000000       0x24 /Software/altera/12.1/nios2eds/bin/gnu/H-i686-pc-linux-gnu/bin/../lib/gcc/nios2-elf/4.1.2/../../../../nios2-elf/lib/mno-hw-mul/libsmallc.a(lib_a-fvwrite_small_dev.o)
 .comment       0x00000000       0x24 /Software/altera/12.1/nios2eds/bin/gnu/H-i686-pc-linux-gnu/bin/../lib/gcc/nios2-elf/4.1.2/../../../../nios2-elf/lib/mno-hw-mul/libsmallc.a(lib_a-impure.o)
 .comment       0x00000000       0x24 /Software/altera/12.1/nios2eds/bin/gnu/H-i686-pc-linux-gnu/bin/../lib/gcc/nios2-elf/4.1.2/../../../../nios2-elf/lib/mno-hw-mul/libsmallc.a(lib_a-writer.o)
 .comment       0x00000000       0x24 /Software/altera/12.1/nios2eds/bin/gnu/H-i686-pc-linux-gnu/bin/../lib/gcc/nios2-elf/4.1.2/../../../../nios2-elf/lib/mno-hw-mul/libsmallc.a(lib_a-int_errno.o)
 .comment       0x00000000       0x24 /Software/altera/12.1/nios2eds/bin/gnu/H-i686-pc-linux-gnu/bin/../lib/gcc/nios2-elf/4.1.2/mno-hw-mul/libgcc.a(lib2-divmod.o)
 .comment       0x00000000       0x24 /Software/altera/12.1/nios2eds/bin/gnu/H-i686-pc-linux-gnu/bin/../lib/gcc/nios2-elf/4.1.2/mno-hw-mul/libgcc.a(lib2-mul.o)
 .comment       0x00000000       0x24 ../NIOS_3_bsp//libhal_bsp.a(alt_load.o)
 .comment       0x00000000       0x24 ../NIOS_3_bsp//libhal_bsp.a(alt_main.o)
 .comment       0x00000000       0x24 ../NIOS_3_bsp//libhal_bsp.a(alt_write.o)
 .comment       0x00000000       0x24 ../NIOS_3_bsp//libhal_bsp.a(alt_sys_init.o)
 .comment       0x00000000       0x24 ../NIOS_3_bsp//libhal_bsp.a(altera_avalon_jtag_uart_write.o)
 .comment       0x00000000       0x24 ../NIOS_3_bsp//libhal_bsp.a(alt_dcache_flush_all.o)
 .comment       0x00000000       0x24 ../NIOS_3_bsp//libhal_bsp.a(alt_errno.o)
 .comment       0x00000000       0x24 ../NIOS_3_bsp//libhal_bsp.a(alt_icache_flush_all.o)
 .comment       0x00000000       0x24 ../NIOS_3_bsp//libhal_bsp.a(altera_nios2_qsys_irq.o)

.debug
 *(.debug)

.line
 *(.line)

.debug_srcinfo
 *(.debug_srcinfo)

.debug_sfnames
 *(.debug_sfnames)

.debug_aranges  0x00000000      0x248
 *(.debug_aranges)
 .debug_aranges
                0x00000000       0x28 ../NIOS_3_bsp//obj/HAL/src/crt0.o
 .debug_aranges
                0x00000028       0x20 obj/default/hello_world_small.o
 .debug_aranges
                0x00000048       0x20 /Software/altera/12.1/nios2eds/bin/gnu/H-i686-pc-linux-gnu/bin/../lib/gcc/nios2-elf/4.1.2/../../../../nios2-elf/lib/mno-hw-mul/libsmallc.a(lib_a-printf.o)
 .debug_aranges
                0x00000068       0x20 /Software/altera/12.1/nios2eds/bin/gnu/H-i686-pc-linux-gnu/bin/../lib/gcc/nios2-elf/4.1.2/../../../../nios2-elf/lib/mno-hw-mul/libsmallc.a(lib_a-puts.o)
 .debug_aranges
                0x00000088       0x20 /Software/altera/12.1/nios2eds/bin/gnu/H-i686-pc-linux-gnu/bin/../lib/gcc/nios2-elf/4.1.2/../../../../nios2-elf/lib/mno-hw-mul/libsmallc.a(lib_a-strlen.o)
 .debug_aranges
                0x000000a8       0x20 /Software/altera/12.1/nios2eds/bin/gnu/H-i686-pc-linux-gnu/bin/../lib/gcc/nios2-elf/4.1.2/../../../../nios2-elf/lib/mno-hw-mul/libsmallc.a(lib_a-vfprintf.o)
 .debug_aranges
                0x000000c8       0x20 /Software/altera/12.1/nios2eds/bin/gnu/H-i686-pc-linux-gnu/bin/../lib/gcc/nios2-elf/4.1.2/../../../../nios2-elf/lib/mno-hw-mul/libsmallc.a(lib_a-fvwrite_small_dev.o)
 .debug_aranges
                0x000000e8       0x20 /Software/altera/12.1/nios2eds/bin/gnu/H-i686-pc-linux-gnu/bin/../lib/gcc/nios2-elf/4.1.2/../../../../nios2-elf/lib/mno-hw-mul/libsmallc.a(lib_a-writer.o)
 .debug_aranges
                0x00000108       0x20 /Software/altera/12.1/nios2eds/bin/gnu/H-i686-pc-linux-gnu/bin/../lib/gcc/nios2-elf/4.1.2/mno-hw-mul/libgcc.a(lib2-divmod.o)
 .debug_aranges
                0x00000128       0x20 /Software/altera/12.1/nios2eds/bin/gnu/H-i686-pc-linux-gnu/bin/../lib/gcc/nios2-elf/4.1.2/mno-hw-mul/libgcc.a(lib2-mul.o)
 .debug_aranges
                0x00000148       0x20 ../NIOS_3_bsp//libhal_bsp.a(alt_load.o)
 .debug_aranges
                0x00000168       0x20 ../NIOS_3_bsp//libhal_bsp.a(alt_main.o)
 .debug_aranges
                0x00000188       0x20 ../NIOS_3_bsp//libhal_bsp.a(alt_write.o)
 .debug_aranges
                0x000001a8       0x20 ../NIOS_3_bsp//libhal_bsp.a(alt_sys_init.o)
 .debug_aranges
                0x000001c8       0x20 ../NIOS_3_bsp//libhal_bsp.a(altera_avalon_jtag_uart_write.o)
 .debug_aranges
                0x000001e8       0x20 ../NIOS_3_bsp//libhal_bsp.a(alt_dcache_flush_all.o)
 .debug_aranges
                0x00000208       0x20 ../NIOS_3_bsp//libhal_bsp.a(alt_icache_flush_all.o)
 .debug_aranges
                0x00000228       0x20 ../NIOS_3_bsp//libhal_bsp.a(altera_nios2_qsys_irq.o)

.debug_pubnames
                0x00000000      0x375
 *(.debug_pubnames)
 .debug_pubnames
                0x00000000       0x1b obj/default/hello_world_small.o
 .debug_pubnames
                0x0000001b       0x2b /Software/altera/12.1/nios2eds/bin/gnu/H-i686-pc-linux-gnu/bin/../lib/gcc/nios2-elf/4.1.2/../../../../nios2-elf/lib/mno-hw-mul/libsmallc.a(lib_a-printf.o)
 .debug_pubnames
                0x00000046       0x27 /Software/altera/12.1/nios2eds/bin/gnu/H-i686-pc-linux-gnu/bin/../lib/gcc/nios2-elf/4.1.2/../../../../nios2-elf/lib/mno-hw-mul/libsmallc.a(lib_a-puts.o)
 .debug_pubnames
                0x0000006d       0x1d /Software/altera/12.1/nios2eds/bin/gnu/H-i686-pc-linux-gnu/bin/../lib/gcc/nios2-elf/4.1.2/../../../../nios2-elf/lib/mno-hw-mul/libsmallc.a(lib_a-strlen.o)
 .debug_pubnames
                0x0000008a       0x45 /Software/altera/12.1/nios2eds/bin/gnu/H-i686-pc-linux-gnu/bin/../lib/gcc/nios2-elf/4.1.2/../../../../nios2-elf/lib/mno-hw-mul/libsmallc.a(lib_a-vfprintf.o)
 .debug_pubnames
                0x000000cf       0x2b /Software/altera/12.1/nios2eds/bin/gnu/H-i686-pc-linux-gnu/bin/../lib/gcc/nios2-elf/4.1.2/../../../../nios2-elf/lib/mno-hw-mul/libsmallc.a(lib_a-fvwrite_small_dev.o)
 .debug_pubnames
                0x000000fa       0x39 /Software/altera/12.1/nios2eds/bin/gnu/H-i686-pc-linux-gnu/bin/../lib/gcc/nios2-elf/4.1.2/../../../../nios2-elf/lib/mno-hw-mul/libsmallc.a(lib_a-impure.o)
 .debug_pubnames
                0x00000133       0x1f /Software/altera/12.1/nios2eds/bin/gnu/H-i686-pc-linux-gnu/bin/../lib/gcc/nios2-elf/4.1.2/../../../../nios2-elf/lib/mno-hw-mul/libsmallc.a(lib_a-writer.o)
 .debug_pubnames
                0x00000152       0x1c /Software/altera/12.1/nios2eds/bin/gnu/H-i686-pc-linux-gnu/bin/../lib/gcc/nios2-elf/4.1.2/../../../../nios2-elf/lib/mno-hw-mul/libsmallc.a(lib_a-int_errno.o)
 .debug_pubnames
                0x0000016e       0x48 /Software/altera/12.1/nios2eds/bin/gnu/H-i686-pc-linux-gnu/bin/../lib/gcc/nios2-elf/4.1.2/mno-hw-mul/libgcc.a(lib2-divmod.o)
 .debug_pubnames
                0x000001b6       0x1f /Software/altera/12.1/nios2eds/bin/gnu/H-i686-pc-linux-gnu/bin/../lib/gcc/nios2-elf/4.1.2/mno-hw-mul/libgcc.a(lib2-mul.o)
 .debug_pubnames
                0x000001d5       0x1f ../NIOS_3_bsp//libhal_bsp.a(alt_load.o)
 .debug_pubnames
                0x000001f4       0x46 ../NIOS_3_bsp//libhal_bsp.a(alt_main.o)
 .debug_pubnames
                0x0000023a       0x1c ../NIOS_3_bsp//libhal_bsp.a(alt_write.o)
 .debug_pubnames
                0x00000256       0x44 ../NIOS_3_bsp//libhal_bsp.a(alt_sys_init.o)
 .debug_pubnames
                0x0000029a       0x34 ../NIOS_3_bsp//libhal_bsp.a(altera_avalon_jtag_uart_write.o)
 .debug_pubnames
                0x000002ce       0x2b ../NIOS_3_bsp//libhal_bsp.a(alt_dcache_flush_all.o)
 .debug_pubnames
                0x000002f9       0x20 ../NIOS_3_bsp//libhal_bsp.a(alt_errno.o)
 .debug_pubnames
                0x00000319       0x2b ../NIOS_3_bsp//libhal_bsp.a(alt_icache_flush_all.o)
 .debug_pubnames
                0x00000344       0x31 ../NIOS_3_bsp//libhal_bsp.a(altera_nios2_qsys_irq.o)

.debug_info     0x00000000     0x390f
 *(.debug_info .gnu.linkonce.wi.*)
 .debug_info    0x00000000       0x6a ../NIOS_3_bsp//obj/HAL/src/crt0.o
 .debug_info    0x0000006a       0xcb obj/default/hello_world_small.o
 .debug_info    0x00000135      0x6c8 /Software/altera/12.1/nios2eds/bin/gnu/H-i686-pc-linux-gnu/bin/../lib/gcc/nios2-elf/4.1.2/../../../../nios2-elf/lib/mno-hw-mul/libsmallc.a(lib_a-printf.o)
 .debug_info    0x000007fd      0x685 /Software/altera/12.1/nios2eds/bin/gnu/H-i686-pc-linux-gnu/bin/../lib/gcc/nios2-elf/4.1.2/../../../../nios2-elf/lib/mno-hw-mul/libsmallc.a(lib_a-puts.o)
 .debug_info    0x00000e82       0xc2 /Software/altera/12.1/nios2eds/bin/gnu/H-i686-pc-linux-gnu/bin/../lib/gcc/nios2-elf/4.1.2/../../../../nios2-elf/lib/mno-hw-mul/libsmallc.a(lib_a-strlen.o)
 .debug_info    0x00000f44      0x9b6 /Software/altera/12.1/nios2eds/bin/gnu/H-i686-pc-linux-gnu/bin/../lib/gcc/nios2-elf/4.1.2/../../../../nios2-elf/lib/mno-hw-mul/libsmallc.a(lib_a-vfprintf.o)
 .debug_info    0x000018fa      0x68e /Software/altera/12.1/nios2eds/bin/gnu/H-i686-pc-linux-gnu/bin/../lib/gcc/nios2-elf/4.1.2/../../../../nios2-elf/lib/mno-hw-mul/libsmallc.a(lib_a-fvwrite_small_dev.o)
 .debug_info    0x00001f88      0x636 /Software/altera/12.1/nios2eds/bin/gnu/H-i686-pc-linux-gnu/bin/../lib/gcc/nios2-elf/4.1.2/../../../../nios2-elf/lib/mno-hw-mul/libsmallc.a(lib_a-impure.o)
 .debug_info    0x000025be      0x68c /Software/altera/12.1/nios2eds/bin/gnu/H-i686-pc-linux-gnu/bin/../lib/gcc/nios2-elf/4.1.2/../../../../nios2-elf/lib/mno-hw-mul/libsmallc.a(lib_a-writer.o)
 .debug_info    0x00002c4a       0x8c /Software/altera/12.1/nios2eds/bin/gnu/H-i686-pc-linux-gnu/bin/../lib/gcc/nios2-elf/4.1.2/../../../../nios2-elf/lib/mno-hw-mul/libsmallc.a(lib_a-int_errno.o)
 .debug_info    0x00002cd6      0x21c /Software/altera/12.1/nios2eds/bin/gnu/H-i686-pc-linux-gnu/bin/../lib/gcc/nios2-elf/4.1.2/mno-hw-mul/libgcc.a(lib2-divmod.o)
 .debug_info    0x00002ef2       0xf3 /Software/altera/12.1/nios2eds/bin/gnu/H-i686-pc-linux-gnu/bin/../lib/gcc/nios2-elf/4.1.2/mno-hw-mul/libgcc.a(lib2-mul.o)
 .debug_info    0x00002fe5      0x12e ../NIOS_3_bsp//libhal_bsp.a(alt_load.o)
 .debug_info    0x00003113      0x125 ../NIOS_3_bsp//libhal_bsp.a(alt_main.o)
 .debug_info    0x00003238      0x179 ../NIOS_3_bsp//libhal_bsp.a(alt_write.o)
 .debug_info    0x000033b1      0x17d ../NIOS_3_bsp//libhal_bsp.a(alt_sys_init.o)
 .debug_info    0x0000352e      0x18f ../NIOS_3_bsp//libhal_bsp.a(altera_avalon_jtag_uart_write.o)
 .debug_info    0x000036bd       0x8d ../NIOS_3_bsp//libhal_bsp.a(alt_dcache_flush_all.o)
 .debug_info    0x0000374a       0xab ../NIOS_3_bsp//libhal_bsp.a(alt_errno.o)
 .debug_info    0x000037f5       0x8d ../NIOS_3_bsp//libhal_bsp.a(alt_icache_flush_all.o)
 .debug_info    0x00003882       0x8d ../NIOS_3_bsp//libhal_bsp.a(altera_nios2_qsys_irq.o)

.debug_abbrev   0x00000000     0x1114
 *(.debug_abbrev)
 .debug_abbrev  0x00000000       0x12 ../NIOS_3_bsp//obj/HAL/src/crt0.o
 .debug_abbrev  0x00000012       0x6a obj/default/hello_world_small.o
 .debug_abbrev  0x0000007c      0x179 /Software/altera/12.1/nios2eds/bin/gnu/H-i686-pc-linux-gnu/bin/../lib/gcc/nios2-elf/4.1.2/../../../../nios2-elf/lib/mno-hw-mul/libsmallc.a(lib_a-printf.o)
 .debug_abbrev  0x000001f5      0x180 /Software/altera/12.1/nios2eds/bin/gnu/H-i686-pc-linux-gnu/bin/../lib/gcc/nios2-elf/4.1.2/../../../../nios2-elf/lib/mno-hw-mul/libsmallc.a(lib_a-puts.o)
 .debug_abbrev  0x00000375       0x7a /Software/altera/12.1/nios2eds/bin/gnu/H-i686-pc-linux-gnu/bin/../lib/gcc/nios2-elf/4.1.2/../../../../nios2-elf/lib/mno-hw-mul/libsmallc.a(lib_a-strlen.o)
 .debug_abbrev  0x000003ef      0x263 /Software/altera/12.1/nios2eds/bin/gnu/H-i686-pc-linux-gnu/bin/../lib/gcc/nios2-elf/4.1.2/../../../../nios2-elf/lib/mno-hw-mul/libsmallc.a(lib_a-vfprintf.o)
 .debug_abbrev  0x00000652      0x179 /Software/altera/12.1/nios2eds/bin/gnu/H-i686-pc-linux-gnu/bin/../lib/gcc/nios2-elf/4.1.2/../../../../nios2-elf/lib/mno-hw-mul/libsmallc.a(lib_a-fvwrite_small_dev.o)
 .debug_abbrev  0x000007cb      0x13f /Software/altera/12.1/nios2eds/bin/gnu/H-i686-pc-linux-gnu/bin/../lib/gcc/nios2-elf/4.1.2/../../../../nios2-elf/lib/mno-hw-mul/libsmallc.a(lib_a-impure.o)
 .debug_abbrev  0x0000090a      0x16c /Software/altera/12.1/nios2eds/bin/gnu/H-i686-pc-linux-gnu/bin/../lib/gcc/nios2-elf/4.1.2/../../../../nios2-elf/lib/mno-hw-mul/libsmallc.a(lib_a-writer.o)
 .debug_abbrev  0x00000a76       0x3b /Software/altera/12.1/nios2eds/bin/gnu/H-i686-pc-linux-gnu/bin/../lib/gcc/nios2-elf/4.1.2/../../../../nios2-elf/lib/mno-hw-mul/libsmallc.a(lib_a-int_errno.o)
 .debug_abbrev  0x00000ab1       0xe0 /Software/altera/12.1/nios2eds/bin/gnu/H-i686-pc-linux-gnu/bin/../lib/gcc/nios2-elf/4.1.2/mno-hw-mul/libgcc.a(lib2-divmod.o)
 .debug_abbrev  0x00000b91       0x7b /Software/altera/12.1/nios2eds/bin/gnu/H-i686-pc-linux-gnu/bin/../lib/gcc/nios2-elf/4.1.2/mno-hw-mul/libgcc.a(lib2-mul.o)
 .debug_abbrev  0x00000c0c       0x97 ../NIOS_3_bsp//libhal_bsp.a(alt_load.o)
 .debug_abbrev  0x00000ca3       0xa6 ../NIOS_3_bsp//libhal_bsp.a(alt_main.o)
 .debug_abbrev  0x00000d49       0xdd ../NIOS_3_bsp//libhal_bsp.a(alt_write.o)
 .debug_abbrev  0x00000e26       0xe3 ../NIOS_3_bsp//libhal_bsp.a(alt_sys_init.o)
 .debug_abbrev  0x00000f09       0xf0 ../NIOS_3_bsp//libhal_bsp.a(altera_avalon_jtag_uart_write.o)
 .debug_abbrev  0x00000ff9       0x3f ../NIOS_3_bsp//libhal_bsp.a(alt_dcache_flush_all.o)
 .debug_abbrev  0x00001038       0x5e ../NIOS_3_bsp//libhal_bsp.a(alt_errno.o)
 .debug_abbrev  0x00001096       0x3f ../NIOS_3_bsp//libhal_bsp.a(alt_icache_flush_all.o)
 .debug_abbrev  0x000010d5       0x3f ../NIOS_3_bsp//libhal_bsp.a(altera_nios2_qsys_irq.o)

.debug_line     0x00000000     0x32ee
 *(.debug_line)
 .debug_line    0x00000000       0x66 ../NIOS_3_bsp//obj/HAL/src/crt0.o
 .debug_line    0x00000066      0x268 obj/default/hello_world_small.o
 .debug_line    0x000002ce      0x2b8 /Software/altera/12.1/nios2eds/bin/gnu/H-i686-pc-linux-gnu/bin/../lib/gcc/nios2-elf/4.1.2/../../../../nios2-elf/lib/mno-hw-mul/libsmallc.a(lib_a-printf.o)
 .debug_line    0x00000586      0x2ac /Software/altera/12.1/nios2eds/bin/gnu/H-i686-pc-linux-gnu/bin/../lib/gcc/nios2-elf/4.1.2/../../../../nios2-elf/lib/mno-hw-mul/libsmallc.a(lib_a-puts.o)
 .debug_line    0x00000832      0x247 /Software/altera/12.1/nios2eds/bin/gnu/H-i686-pc-linux-gnu/bin/../lib/gcc/nios2-elf/4.1.2/../../../../nios2-elf/lib/mno-hw-mul/libsmallc.a(lib_a-strlen.o)
 .debug_line    0x00000a79      0x660 /Software/altera/12.1/nios2eds/bin/gnu/H-i686-pc-linux-gnu/bin/../lib/gcc/nios2-elf/4.1.2/../../../../nios2-elf/lib/mno-hw-mul/libsmallc.a(lib_a-vfprintf.o)
 .debug_line    0x000010d9      0x2a3 /Software/altera/12.1/nios2eds/bin/gnu/H-i686-pc-linux-gnu/bin/../lib/gcc/nios2-elf/4.1.2/../../../../nios2-elf/lib/mno-hw-mul/libsmallc.a(lib_a-fvwrite_small_dev.o)
 .debug_line    0x0000137c      0x227 /Software/altera/12.1/nios2eds/bin/gnu/H-i686-pc-linux-gnu/bin/../lib/gcc/nios2-elf/4.1.2/../../../../nios2-elf/lib/mno-hw-mul/libsmallc.a(lib_a-impure.o)
 .debug_line    0x000015a3      0x294 /Software/altera/12.1/nios2eds/bin/gnu/H-i686-pc-linux-gnu/bin/../lib/gcc/nios2-elf/4.1.2/../../../../nios2-elf/lib/mno-hw-mul/libsmallc.a(lib_a-writer.o)
 .debug_line    0x00001837      0x1dc /Software/altera/12.1/nios2eds/bin/gnu/H-i686-pc-linux-gnu/bin/../lib/gcc/nios2-elf/4.1.2/../../../../nios2-elf/lib/mno-hw-mul/libsmallc.a(lib_a-int_errno.o)
 .debug_line    0x00001a13      0x2c3 /Software/altera/12.1/nios2eds/bin/gnu/H-i686-pc-linux-gnu/bin/../lib/gcc/nios2-elf/4.1.2/mno-hw-mul/libgcc.a(lib2-divmod.o)
 .debug_line    0x00001cd6      0x18e /Software/altera/12.1/nios2eds/bin/gnu/H-i686-pc-linux-gnu/bin/../lib/gcc/nios2-elf/4.1.2/mno-hw-mul/libgcc.a(lib2-mul.o)
 .debug_line    0x00001e64      0x229 ../NIOS_3_bsp//libhal_bsp.a(alt_load.o)
 .debug_line    0x0000208d      0x2d4 ../NIOS_3_bsp//libhal_bsp.a(alt_main.o)
 .debug_line    0x00002361      0x2bd ../NIOS_3_bsp//libhal_bsp.a(alt_write.o)
 .debug_line    0x0000261e      0x2a0 ../NIOS_3_bsp//libhal_bsp.a(alt_sys_init.o)
 .debug_line    0x000028be      0x306 ../NIOS_3_bsp//libhal_bsp.a(altera_avalon_jtag_uart_write.o)
 .debug_line    0x00002bc4      0x1c7 ../NIOS_3_bsp//libhal_bsp.a(alt_dcache_flush_all.o)
 .debug_line    0x00002d8b      0x1bc ../NIOS_3_bsp//libhal_bsp.a(alt_errno.o)
 .debug_line    0x00002f47      0x1c7 ../NIOS_3_bsp//libhal_bsp.a(alt_icache_flush_all.o)
 .debug_line    0x0000310e      0x1e0 ../NIOS_3_bsp//libhal_bsp.a(altera_nios2_qsys_irq.o)

.debug_frame    0x00000000      0x354
 *(.debug_frame)
 .debug_frame   0x00000000       0x28 obj/default/hello_world_small.o
 .debug_frame   0x00000028       0x40 /Software/altera/12.1/nios2eds/bin/gnu/H-i686-pc-linux-gnu/bin/../lib/gcc/nios2-elf/4.1.2/../../../../nios2-elf/lib/mno-hw-mul/libsmallc.a(lib_a-printf.o)
 .debug_frame   0x00000068       0x3c /Software/altera/12.1/nios2eds/bin/gnu/H-i686-pc-linux-gnu/bin/../lib/gcc/nios2-elf/4.1.2/../../../../nios2-elf/lib/mno-hw-mul/libsmallc.a(lib_a-puts.o)
 .debug_frame   0x000000a4       0x20 /Software/altera/12.1/nios2eds/bin/gnu/H-i686-pc-linux-gnu/bin/../lib/gcc/nios2-elf/4.1.2/../../../../nios2-elf/lib/mno-hw-mul/libsmallc.a(lib_a-strlen.o)
 .debug_frame   0x000000c4       0x64 /Software/altera/12.1/nios2eds/bin/gnu/H-i686-pc-linux-gnu/bin/../lib/gcc/nios2-elf/4.1.2/../../../../nios2-elf/lib/mno-hw-mul/libsmallc.a(lib_a-vfprintf.o)
 .debug_frame   0x00000128       0x30 /Software/altera/12.1/nios2eds/bin/gnu/H-i686-pc-linux-gnu/bin/../lib/gcc/nios2-elf/4.1.2/../../../../nios2-elf/lib/mno-hw-mul/libsmallc.a(lib_a-fvwrite_small_dev.o)
 .debug_frame   0x00000158       0x2c /Software/altera/12.1/nios2eds/bin/gnu/H-i686-pc-linux-gnu/bin/../lib/gcc/nios2-elf/4.1.2/../../../../nios2-elf/lib/mno-hw-mul/libsmallc.a(lib_a-writer.o)
 .debug_frame   0x00000184       0x70 /Software/altera/12.1/nios2eds/bin/gnu/H-i686-pc-linux-gnu/bin/../lib/gcc/nios2-elf/4.1.2/mno-hw-mul/libgcc.a(lib2-divmod.o)
 .debug_frame   0x000001f4       0x20 /Software/altera/12.1/nios2eds/bin/gnu/H-i686-pc-linux-gnu/bin/../lib/gcc/nios2-elf/4.1.2/mno-hw-mul/libgcc.a(lib2-mul.o)
 .debug_frame   0x00000214       0x38 ../NIOS_3_bsp//libhal_bsp.a(alt_load.o)
 .debug_frame   0x0000024c       0x28 ../NIOS_3_bsp//libhal_bsp.a(alt_main.o)
 .debug_frame   0x00000274       0x28 ../NIOS_3_bsp//libhal_bsp.a(alt_write.o)
 .debug_frame   0x0000029c       0x38 ../NIOS_3_bsp//libhal_bsp.a(alt_sys_init.o)
 .debug_frame   0x000002d4       0x20 ../NIOS_3_bsp//libhal_bsp.a(altera_avalon_jtag_uart_write.o)
 .debug_frame   0x000002f4       0x20 ../NIOS_3_bsp//libhal_bsp.a(alt_dcache_flush_all.o)
 .debug_frame   0x00000314       0x20 ../NIOS_3_bsp//libhal_bsp.a(alt_icache_flush_all.o)
 .debug_frame   0x00000334       0x20 ../NIOS_3_bsp//libhal_bsp.a(altera_nios2_qsys_irq.o)

.debug_str      0x00000000      0xd94
 *(.debug_str)
 .debug_str     0x00000000       0xac obj/default/hello_world_small.o
                                 0xea (size before relaxing)
 .debug_str     0x000000ac      0x3a5 /Software/altera/12.1/nios2eds/bin/gnu/H-i686-pc-linux-gnu/bin/../lib/gcc/nios2-elf/4.1.2/../../../../nios2-elf/lib/mno-hw-mul/libsmallc.a(lib_a-printf.o)
                                0x468 (size before relaxing)
 .debug_str     0x00000451       0x48 /Software/altera/12.1/nios2eds/bin/gnu/H-i686-pc-linux-gnu/bin/../lib/gcc/nios2-elf/4.1.2/../../../../nios2-elf/lib/mno-hw-mul/libsmallc.a(lib_a-puts.o)
                                0x452 (size before relaxing)
 .debug_str     0x00000499       0xe4 /Software/altera/12.1/nios2eds/bin/gnu/H-i686-pc-linux-gnu/bin/../lib/gcc/nios2-elf/4.1.2/../../../../nios2-elf/lib/mno-hw-mul/libsmallc.a(lib_a-strlen.o)
                                0x186 (size before relaxing)
 .debug_str     0x0000057d      0x162 /Software/altera/12.1/nios2eds/bin/gnu/H-i686-pc-linux-gnu/bin/../lib/gcc/nios2-elf/4.1.2/../../../../nios2-elf/lib/mno-hw-mul/libsmallc.a(lib_a-vfprintf.o)
                                0x5b1 (size before relaxing)
 .debug_str     0x000006df       0x70 /Software/altera/12.1/nios2eds/bin/gnu/H-i686-pc-linux-gnu/bin/../lib/gcc/nios2-elf/4.1.2/../../../../nios2-elf/lib/mno-hw-mul/libsmallc.a(lib_a-fvwrite_small_dev.o)
                                0x46c (size before relaxing)
 .debug_str     0x0000074f       0xfa /Software/altera/12.1/nios2eds/bin/gnu/H-i686-pc-linux-gnu/bin/../lib/gcc/nios2-elf/4.1.2/../../../../nios2-elf/lib/mno-hw-mul/libsmallc.a(lib_a-impure.o)
                                0x45f (size before relaxing)
 .debug_str     0x00000849       0x4f /Software/altera/12.1/nios2eds/bin/gnu/H-i686-pc-linux-gnu/bin/../lib/gcc/nios2-elf/4.1.2/../../../../nios2-elf/lib/mno-hw-mul/libsmallc.a(lib_a-writer.o)
                                0x453 (size before relaxing)
 .debug_str     0x00000898       0x40 /Software/altera/12.1/nios2eds/bin/gnu/H-i686-pc-linux-gnu/bin/../lib/gcc/nios2-elf/4.1.2/../../../../nios2-elf/lib/mno-hw-mul/libsmallc.a(lib_a-int_errno.o)
                                0x179 (size before relaxing)
 .debug_str     0x000008d8      0x10d /Software/altera/12.1/nios2eds/bin/gnu/H-i686-pc-linux-gnu/bin/../lib/gcc/nios2-elf/4.1.2/mno-hw-mul/libgcc.a(lib2-divmod.o)
                                0x1b6 (size before relaxing)
 .debug_str     0x000009e5       0x37 /Software/altera/12.1/nios2eds/bin/gnu/H-i686-pc-linux-gnu/bin/../lib/gcc/nios2-elf/4.1.2/mno-hw-mul/libgcc.a(lib2-mul.o)
                                0x177 (size before relaxing)
 .debug_str     0x00000a1c      0x12a ../NIOS_3_bsp//libhal_bsp.a(alt_load.o)
                                0x1bf (size before relaxing)
 .debug_str     0x00000b46       0x70 ../NIOS_3_bsp//libhal_bsp.a(alt_main.o)
                                0x143 (size before relaxing)
 .debug_str     0x00000bb6       0x58 ../NIOS_3_bsp//libhal_bsp.a(alt_write.o)
                                0x16f (size before relaxing)
 .debug_str     0x00000c0e       0x85 ../NIOS_3_bsp//libhal_bsp.a(alt_sys_init.o)
                                0x1b8 (size before relaxing)
 .debug_str     0x00000c93       0x4a ../NIOS_3_bsp//libhal_bsp.a(altera_avalon_jtag_uart_write.o)
                                0x1bb (size before relaxing)
 .debug_str     0x00000cdd       0x34 ../NIOS_3_bsp//libhal_bsp.a(alt_dcache_flush_all.o)
                                0x102 (size before relaxing)
 .debug_str     0x00000d11       0x14 ../NIOS_3_bsp//libhal_bsp.a(alt_errno.o)
                                 0xf2 (size before relaxing)
 .debug_str     0x00000d25       0x34 ../NIOS_3_bsp//libhal_bsp.a(alt_icache_flush_all.o)
                                0x102 (size before relaxing)
 .debug_str     0x00000d59       0x3b ../NIOS_3_bsp//libhal_bsp.a(altera_nios2_qsys_irq.o)
                                0x109 (size before relaxing)

.debug_loc      0x00000000      0xf5f
 *(.debug_loc)
 .debug_loc     0x00000000       0x50 obj/default/hello_world_small.o
 .debug_loc     0x00000050       0x8d /Software/altera/12.1/nios2eds/bin/gnu/H-i686-pc-linux-gnu/bin/../lib/gcc/nios2-elf/4.1.2/../../../../nios2-elf/lib/mno-hw-mul/libsmallc.a(lib_a-printf.o)
 .debug_loc     0x000000dd       0xa2 /Software/altera/12.1/nios2eds/bin/gnu/H-i686-pc-linux-gnu/bin/../lib/gcc/nios2-elf/4.1.2/../../../../nios2-elf/lib/mno-hw-mul/libsmallc.a(lib_a-puts.o)
 .debug_loc     0x0000017f       0x1e /Software/altera/12.1/nios2eds/bin/gnu/H-i686-pc-linux-gnu/bin/../lib/gcc/nios2-elf/4.1.2/../../../../nios2-elf/lib/mno-hw-mul/libsmallc.a(lib_a-strlen.o)
 .debug_loc     0x0000019d      0x878 /Software/altera/12.1/nios2eds/bin/gnu/H-i686-pc-linux-gnu/bin/../lib/gcc/nios2-elf/4.1.2/../../../../nios2-elf/lib/mno-hw-mul/libsmallc.a(lib_a-vfprintf.o)
 .debug_loc     0x00000a15      0x162 /Software/altera/12.1/nios2eds/bin/gnu/H-i686-pc-linux-gnu/bin/../lib/gcc/nios2-elf/4.1.2/../../../../nios2-elf/lib/mno-hw-mul/libsmallc.a(lib_a-fvwrite_small_dev.o)
 .debug_loc     0x00000b77       0x97 /Software/altera/12.1/nios2eds/bin/gnu/H-i686-pc-linux-gnu/bin/../lib/gcc/nios2-elf/4.1.2/../../../../nios2-elf/lib/mno-hw-mul/libsmallc.a(lib_a-writer.o)
 .debug_loc     0x00000c0e      0x1d2 /Software/altera/12.1/nios2eds/bin/gnu/H-i686-pc-linux-gnu/bin/../lib/gcc/nios2-elf/4.1.2/mno-hw-mul/libgcc.a(lib2-divmod.o)
 .debug_loc     0x00000de0       0x4f /Software/altera/12.1/nios2eds/bin/gnu/H-i686-pc-linux-gnu/bin/../lib/gcc/nios2-elf/4.1.2/mno-hw-mul/libgcc.a(lib2-mul.o)
 .debug_loc     0x00000e2f       0x1f ../NIOS_3_bsp//libhal_bsp.a(alt_load.o)
 .debug_loc     0x00000e4e       0x1f ../NIOS_3_bsp//libhal_bsp.a(alt_main.o)
 .debug_loc     0x00000e6d       0x9a ../NIOS_3_bsp//libhal_bsp.a(alt_write.o)
 .debug_loc     0x00000f07       0x32 ../NIOS_3_bsp//libhal_bsp.a(alt_sys_init.o)
 .debug_loc     0x00000f39       0x26 ../NIOS_3_bsp//libhal_bsp.a(altera_avalon_jtag_uart_write.o)

.debug_macinfo
 *(.debug_macinfo)

.debug_weaknames
 *(.debug_weaknames)

.debug_funcnames
 *(.debug_funcnames)

.debug_typenames
 *(.debug_typenames)

.debug_varnames
 *(.debug_varnames)

.debug_alt_sim_info
                0x00000000       0x10
 *(.debug_alt_sim_info)
 .debug_alt_sim_info
                0x00000000       0x10 ../NIOS_3_bsp//obj/HAL/src/crt0.o
                0x09e00000                __alt_data_end = 0x9e00000
                0x09e00000                PROVIDE (__alt_stack_pointer, __alt_data_end)
                0x080010d8                PROVIDE (__alt_stack_limit, __alt_stack_base)
                0x080010d8                PROVIDE (__alt_heap_start, end)
                0x09e00000                PROVIDE (__alt_heap_limit, 0x9e00000)
OUTPUT(NIOS_3.elf elf32-littlenios2)

.debug_ranges   0x00000000      0x160
 .debug_ranges  0x00000000       0x20 ../NIOS_3_bsp//obj/HAL/src/crt0.o
 .debug_ranges  0x00000020      0x140 /Software/altera/12.1/nios2eds/bin/gnu/H-i686-pc-linux-gnu/bin/../lib/gcc/nios2-elf/4.1.2/../../../../nios2-elf/lib/mno-hw-mul/libsmallc.a(lib_a-vfprintf.o)
